package: name='com.thinkive.future.dev.standard' versionCode='37' versionName='1.0.0' platformBuildVersionName='7.1.1'
sdkVersion:'16'
targetSdkVersion:'23'
uses-permission: name='android.permission.INTERNET'
uses-permission: name='android.permission.ACCESS_NETWORK_STATE'
uses-permission: name='android.permission.ACCESS_WIFI_STATE'
uses-permission: name='android.permission.WRITE_EXTERNAL_STORAGE'
uses-permission: name='android.permission.MOUNT_UNMOUNT_FILESYSTEMS'
uses-permission: name='android.permission.SYSTEM_ALERT_WINDOW'
uses-permission: name='android.permission.SYSTEM_OVERLAY_WINDOW'
uses-permission: name='android.permission.WAKE_LOCK'
uses-permission: name='android.permission.READ_PHONE_STATE'
uses-permission: name='android.permission.REAL_GET_TASKS'
uses-permission: name='com.thinkive.futuretrade.MY_BROADCASTSTANDARD'
uses-permission: name='android.permission.GET_TASKS'
uses-permission: name='android.permission.READ_EXTERNAL_STORAGE'
uses-permission: name='android.permission.REQUEST_INSTALL_PACKAGES'
uses-permission: name='android.permission.SEND_SMS'
uses-permission: name='android.permission.READ_CONTACTS'
uses-permission: name='android.permission.RECEIVE_MMS'
uses-permission: name='android.permission.RECEIVE_WAP_PUSH'
uses-permission: name='android.permission.CALL_PHONE'
uses-permission: name='android.permission.CAMERA'
uses-permission: name='android.permission.READ_LOGS'
uses-permission: name='android.permission.ACCESS_COARSE_LOCATION'
uses-permission: name='android.permission.ACCESS_FINE_LOCATION'
uses-permission: name='android.permission.RECORD_AUDIO'
uses-permission: name='android.permission.WRITE_SETTINGS'
uses-permission: name='android.permission.RECEIVE_SMS'
uses-permission: name='android.permission.READ_SMS'
uses-permission: name='android.permission.VIBRATE'
application-label:'期货大师'
application-label-ca:'期货大师'
application-label-da:'期货大师'
application-label-fa:'期货大师'
application-label-ja:'期货大师'
application-label-nb:'期货大师'
application-label-de:'期货大师'
application-label-af:'期货大师'
application-label-bg:'期货大师'
application-label-th:'期货大师'
application-label-zh:'期货大师'
application-label-fi:'期货大师'
application-label-hi:'期货大师'
application-label-vi:'期货大师'
application-label-sk:'期货大师'
application-label-uk:'期货大师'
application-label-el:'期货大师'
application-label-nl:'期货大师'
application-label-pl:'期货大师'
application-label-sl:'期货大师'
application-label-tl:'期货大师'
application-label-am:'期货大师'
application-label-in:'期货大师'
application-label-ko:'期货大师'
application-label-ro:'期货大师'
application-label-ar:'期货大师'
application-label-fr:'期货大师'
application-label-hr:'期货大师'
application-label-sr:'期货大师'
application-label-sr-Latn:'期货大师'
application-label-tr:'期货大师'
application-label-cs:'期货大师'
application-label-es:'期货大师'
application-label-it:'期货大师'
application-label-lt:'期货大师'
application-label-pt:'期货大师'
application-label-hu:'期货大师'
application-label-ru:'期货大师'
application-label-zu:'期货大师'
application-label-lv:'期货大师'
application-label-sv:'期货大师'
application-label-iw:'期货大师'
application-label-sw:'期货大师'
application-label-bs-BA:'期货大师'
application-label-fr-CA:'期货大师'
application-label-lo-LA:'期货大师'
application-label-en-GB:'期货大师'
application-label-bn-BD:'期货大师'
application-label-et-EE:'期货大师'
application-label-ka-GE:'期货大师'
application-label-ky-KG:'期货大师'
application-label-km-KH:'期货大师'
application-label-zh-HK:'期货大师'
application-label-si-LK:'期货大师'
application-label-mk-MK:'期货大师'
application-label-ur-PK:'期货大师'
application-label-sq-AL:'期货大师'
application-label-hy-AM:'期货大师'
application-label-my-MM:'期货大师'
application-label-zh-CN:'期货大师'
application-label-pa-IN:'期货大师'
application-label-ta-IN:'期货大师'
application-label-te-IN:'期货大师'
application-label-ml-IN:'期货大师'
application-label-en-IN:'期货大师'
application-label-kn-IN:'期货大师'
application-label-mr-IN:'期货大师'
application-label-gu-IN:'期货大师'
application-label-mn-MN:'期货大师'
application-label-ne-NP:'期货大师'
application-label-pt-BR:'期货大师'
application-label-gl-ES:'期货大师'
application-label-eu-ES:'期货大师'
application-label-is-IS:'期货大师'
application-label-es-US:'期货大师'
application-label-pt-PT:'期货大师'
application-label-en-AU:'期货大师'
application-label-zh-TW:'期货大师'
application-label-be-BY:'期货大师'
application-label-ms-MY:'期货大师'
application-label-az-AZ:'期货大师'
application-label-kk-KZ:'期货大师'
application-label-uz-UZ:'期货大师'
application-icon-120:'res/drawable-xhdpi-v4/ic_launcher.png'
application-icon-160:'res/drawable-xhdpi-v4/ic_launcher.png'
application-icon-240:'res/drawable-xhdpi-v4/ic_launcher.png'
application-icon-320:'res/drawable-xhdpi-v4/ic_launcher.png'
application-icon-480:'res/drawable-xxhdpi-v4/ic_launcher.png'
application-icon-640:'res/drawable-xxhdpi-v4/ic_launcher.png'
application-icon-65534:'res/drawable-xhdpi-v4/ic_launcher.png'
application: label='期货大师' icon='res/drawable-xhdpi-v4/ic_launcher.png'
application-debuggable
launchable-activity: name='com.thinkive.futureshl.activity.LauncherActivity'  label='' icon=''
launchable-activity: name='com.squareup.leakcanary.internal.DisplayLeakActivity'  label='Leaks' icon='res/drawable-mdpi-v4/__leak_canary_icon.png'
feature-group: label=''
  uses-feature: name='android.hardware.camera'
  uses-feature: name='android.hardware.camera.autofocus'
  uses-feature: name='android.hardware.location'
  uses-implied-feature: name='android.hardware.location' reason='requested android.permission.ACCESS_COARSE_LOCATION permission, and requested android.permission.ACCESS_FINE_LOCATION permission'
  uses-feature: name='android.hardware.location.gps'
  uses-implied-feature: name='android.hardware.location.gps' reason='requested android.permission.ACCESS_FINE_LOCATION permission'
  uses-feature: name='android.hardware.location.network'
  uses-implied-feature: name='android.hardware.location.network' reason='requested android.permission.ACCESS_COARSE_LOCATION permission'
  uses-feature: name='android.hardware.microphone'
  uses-implied-feature: name='android.hardware.microphone' reason='requested android.permission.RECORD_AUDIO permission'
  uses-feature: name='android.hardware.screen.landscape'
  uses-implied-feature: name='android.hardware.screen.landscape' reason='one or more activities have specified a landscape orientation'
  uses-feature: name='android.hardware.screen.portrait'
  uses-implied-feature: name='android.hardware.screen.portrait' reason='one or more activities have specified a portrait orientation'
  uses-feature: name='android.hardware.telephony'
  uses-implied-feature: name='android.hardware.telephony' reason='requested a telephony permission'
  uses-feature: name='android.hardware.touchscreen'
  uses-implied-feature: name='android.hardware.touchscreen' reason='default feature for all apps'
  uses-feature: name='android.hardware.wifi'
  uses-implied-feature: name='android.hardware.wifi' reason='requested android.permission.ACCESS_WIFI_STATE permission'
main
other-activities
other-receivers
other-services
supports-screens: 'small' 'normal' 'large' 'xlarge'
supports-any-density: 'true'
locales: '--_--' 'ca' 'da' 'fa' 'ja' 'nb' 'de' 'af' 'bg' 'th' 'zh' 'fi' 'hi' 'vi' 'sk' 'uk' 'el' 'nl' 'pl' 'sl' 'tl' 'am' 'in' 'ko' 'ro' 'ar' 'fr' 'hr' 'sr' 'sr-Latn' 'tr' 'cs' 'es' 'it' 'lt' 'pt' 'hu' 'ru' 'zu' 'lv' 'sv' 'iw' 'sw' 'bs-BA' 'fr-CA' 'lo-LA' 'en-GB' 'bn-BD' 'et-EE' 'ka-GE' 'ky-KG' 'km-KH' 'zh-HK' 'si-LK' 'mk-MK' 'ur-PK' 'sq-AL' 'hy-AM' 'my-MM' 'zh-CN' 'pa-IN' 'ta-IN' 'te-IN' 'ml-IN' 'en-IN' 'kn-IN' 'mr-IN' 'gu-IN' 'mn-MN' 'ne-NP' 'pt-BR' 'gl-ES' 'eu-ES' 'is-IS' 'es-US' 'pt-PT' 'en-AU' 'zh-TW' 'be-BY' 'ms-MY' 'az-AZ' 'kk-KZ' 'uz-UZ'
densities: '120' '160' '240' '320' '480' '640' '65534'
native-code: 'arm64-v8a' 'armeabi' 'armeabi-v7a' 'mips' 'x86'
